2026-06-02 15:58:22 | INFO | httpx | HTTP Request: POST https://api.telegram.org/bot8774810794:AAGueYUOY-WlbEuEEZYjfjE4JPDFsJuwQ4o/getMe "HTTP/1.1 200 OK"
2026-06-02 15:58:22 | INFO | apscheduler.scheduler | Scheduler started
2026-06-02 15:58:22 | INFO | telegram.ext.Application | Application started
2026-06-02 15:58:22 | INFO | httpx | HTTP Request: POST https://api.telegram.org/bot8774810794:AAGueYUOY-WlbEuEEZYjfjE4JPDFsJuwQ4o/deleteWebhook "HTTP/1.1 200 OK"
2026-06-02 15:58:32 | INFO | httpx | HTTP Request: POST https://api.telegram.org/bot8774810794:AAGueYUOY-WlbEuEEZYjfjE4JPDFsJuwQ4o/getUpdates "HTTP/1.1 200 OK"
2026-06-02 15:58:40 | INFO | httpx | HTTP Request: POST https://api.telegram.org/bot8774810794:AAGueYUOY-WlbEuEEZYjfjE4JPDFsJuwQ4o/getUpdates "HTTP/1.1 200 OK"
2026-06-02 15:58:40 | INFO | httpx | HTTP Request: POST https://api.telegram.org/bot8774810794:AAGueYUOY-WlbEuEEZYjfjE4JPDFsJuwQ4o/sendMessage "HTTP/1.1 200 OK"
2026-06-02 15:58:42 | INFO | httpx | HTTP Request: POST https://api.telegram.org/bot8774810794:AAGueYUOY-WlbEuEEZYjfjE4JPDFsJuwQ4o/getUpdates "HTTP/1.1 200 OK"
2026-06-02 15:58:42 | INFO | httpx | HTTP Request: POST https://api.telegram.org/bot8774810794:AAGueYUOY-WlbEuEEZYjfjE4JPDFsJuwQ4o/sendMessage "HTTP/1.1 200 OK"
2026-06-02 15:58:44 | INFO | httpx | HTTP Request: POST https://api.telegram.org/bot8774810794:AAGueYUOY-WlbEuEEZYjfjE4JPDFsJuwQ4o/getUpdates "HTTP/1.1 200 OK"
2026-06-02 15:58:45 | INFO | httpx | HTTP Request: POST https://api.telegram.org/bot8774810794:AAGueYUOY-WlbEuEEZYjfjE4JPDFsJuwQ4o/sendMessage "HTTP/1.1 200 OK"
2026-06-02 15:58:55 | INFO | httpx | HTTP Request: POST https://api.telegram.org/bot8774810794:AAGueYUOY-WlbEuEEZYjfjE4JPDFsJuwQ4o/getUpdates "HTTP/1.1 200 OK"
2026-06-02 15:59:05 | INFO | httpx | HTTP Request: POST https://api.telegram.org/bot8774810794:AAGueYUOY-WlbEuEEZYjfjE4JPDFsJuwQ4o/getUpdates "HTTP/1.1 200 OK"
2026-06-02 15:59:15 | INFO | httpx | HTTP Request: POST https://api.telegram.org/bot8774810794:AAGueYUOY-WlbEuEEZYjfjE4JPDFsJuwQ4o/getUpdates "HTTP/1.1 200 OK"
2026-06-02 15:59:25 | INFO | httpx | HTTP Request: POST https://api.telegram.org/bot8774810794:AAGueYUOY-WlbEuEEZYjfjE4JPDFsJuwQ4o/getUpdates "HTTP/1.1 200 OK"
2026-06-02 15:59:35 | INFO | httpx | HTTP Request: POST https://api.telegram.org/bot8774810794:AAGueYUOY-WlbEuEEZYjfjE4JPDFsJuwQ4o/getUpdates "HTTP/1.1 200 OK"
2026-06-02 15:59:45 | INFO | httpx | HTTP Request: POST https://api.telegram.org/bot8774810794:AAGueYUOY-WlbEuEEZYjfjE4JPDFsJuwQ4o/getUpdates "HTTP/1.1 200 OK"
2026-06-02 15:59:55 | INFO | httpx | HTTP Request: POST https://api.telegram.org/bot8774810794:AAGueYUOY-WlbEuEEZYjfjE4JPDFsJuwQ4o/getUpdates "HTTP/1.1 200 OK"
2026-06-02 16:00:05 | INFO | httpx | HTTP Request: POST https://api.telegram.org/bot8774810794:AAGueYUOY-WlbEuEEZYjfjE4JPDFsJuwQ4o/getUpdates "HTTP/1.1 200 OK"
2026-06-02 16:00:15 | INFO | httpx | HTTP Request: POST https://api.telegram.org/bot8774810794:AAGueYUOY-WlbEuEEZYjfjE4JPDFsJuwQ4o/getUpdates "HTTP/1.1 200 OK"
2026-06-02 16:00:25 | INFO | httpx | HTTP Request: POST https://api.telegram.org/bot8774810794:AAGueYUOY-WlbEuEEZYjfjE4JPDFsJuwQ4o/getUpdates "HTTP/1.1 200 OK"
2026-06-02 16:00:35 | INFO | httpx | HTTP Request: POST https://api.telegram.org/bot8774810794:AAGueYUOY-WlbEuEEZYjfjE4JPDFsJuwQ4o/getUpdates "HTTP/1.1 200 OK"
2026-06-02 16:00:45 | INFO | httpx | HTTP Request: POST https://api.telegram.org/bot8774810794:AAGueYUOY-WlbEuEEZYjfjE4JPDFsJuwQ4o/getUpdates "HTTP/1.1 200 OK"
2026-06-02 16:00:55 | INFO | httpx | HTTP Request: POST https://api.telegram.org/bot8774810794:AAGueYUOY-WlbEuEEZYjfjE4JPDFsJuwQ4o/getUpdates "HTTP/1.1 200 OK"
2026-06-02 16:01:05 | INFO | httpx | HTTP Request: POST https://api.telegram.org/bot8774810794:AAGueYUOY-WlbEuEEZYjfjE4JPDFsJuwQ4o/getUpdates "HTTP/1.1 200 OK"
2026-06-02 16:01:15 | INFO | httpx | HTTP Request: POST https://api.telegram.org/bot8774810794:AAGueYUOY-WlbEuEEZYjfjE4JPDFsJuwQ4o/getUpdates "HTTP/1.1 200 OK"
2026-06-02 16:01:25 | INFO | httpx | HTTP Request: POST https://api.telegram.org/bot8774810794:AAGueYUOY-WlbEuEEZYjfjE4JPDFsJuwQ4o/getUpdates "HTTP/1.1 200 OK"
2026-06-02 16:01:35 | INFO | httpx | HTTP Request: POST https://api.telegram.org/bot8774810794:AAGueYUOY-WlbEuEEZYjfjE4JPDFsJuwQ4o/getUpdates "HTTP/1.1 200 OK"
2026-06-02 16:01:45 | INFO | httpx | HTTP Request: POST https://api.telegram.org/bot8774810794:AAGueYUOY-WlbEuEEZYjfjE4JPDFsJuwQ4o/getUpdates "HTTP/1.1 200 OK"
2026-06-02 16:01:55 | INFO | httpx | HTTP Request: POST https://api.telegram.org/bot8774810794:AAGueYUOY-WlbEuEEZYjfjE4JPDFsJuwQ4o/getUpdates "HTTP/1.1 200 OK"
2026-06-02 16:01:55 | INFO | telegram.ext.Application | Application is stopping. This might take a moment.
2026-06-02 16:01:55 | INFO | apscheduler.scheduler | Scheduler has been shut down
2026-06-02 16:01:55 | INFO | telegram.ext.Application | Application.stop() complete
2026-06-02 16:02:05 | INFO | httpx | HTTP Request: POST https://api.telegram.org/bot8774810794:AAGueYUOY-WlbEuEEZYjfjE4JPDFsJuwQ4o/getMe "HTTP/1.1 200 OK"
2026-06-02 16:02:05 | INFO | apscheduler.scheduler | Scheduler started
2026-06-02 16:02:05 | INFO | telegram.ext.Application | Application started
2026-06-02 16:02:05 | INFO | httpx | HTTP Request: POST https://api.telegram.org/bot8774810794:AAGueYUOY-WlbEuEEZYjfjE4JPDFsJuwQ4o/deleteWebhook "HTTP/1.1 200 OK"
2026-06-02 16:02:13 | INFO | httpx | HTTP Request: POST https://api.telegram.org/bot8774810794:AAGueYUOY-WlbEuEEZYjfjE4JPDFsJuwQ4o/getUpdates "HTTP/1.1 200 OK"
2026-06-02 16:02:19 | INFO | httpx | HTTP Request: POST https://api.telegram.org/bot8774810794:AAGueYUOY-WlbEuEEZYjfjE4JPDFsJuwQ4o/getUpdates "HTTP/1.1 200 OK"
2026-06-02 16:02:19 | INFO | httpx | HTTP Request: POST https://api.telegram.org/bot8774810794:AAGueYUOY-WlbEuEEZYjfjE4JPDFsJuwQ4o/sendMessage "HTTP/1.1 200 OK"
2026-06-02 16:02:29 | INFO | httpx | HTTP Request: POST https://api.telegram.org/bot8774810794:AAGueYUOY-WlbEuEEZYjfjE4JPDFsJuwQ4o/getUpdates "HTTP/1.1 200 OK"
2026-06-02 16:02:37 | INFO | httpx | HTTP Request: POST https://api.telegram.org/bot8774810794:AAGueYUOY-WlbEuEEZYjfjE4JPDFsJuwQ4o/getUpdates "HTTP/1.1 200 OK"
2026-06-02 16:02:37 | INFO | httpx | HTTP Request: POST https://api.telegram.org/bot8774810794:AAGueYUOY-WlbEuEEZYjfjE4JPDFsJuwQ4o/getFile "HTTP/1.1 200 OK"
2026-06-02 16:02:37 | INFO | httpx | HTTP Request: GET https://api.telegram.org/file/bot8774810794%3AAAGueYUOY-WlbEuEEZYjfjE4JPDFsJuwQ4o/music/file_0.mp3 "HTTP/1.1 200 OK"
2026-06-02 16:02:39 | INFO | bot.services.file_service | Saved music file for user 617434707 at C:\Users\denve\OneDrive\Desktop\Bot_n8n\input\music\music_617434707_20260602_140237_770774.mp3
2026-06-02 16:02:39 | INFO | httpx | HTTP Request: POST https://api.telegram.org/bot8774810794:AAGueYUOY-WlbEuEEZYjfjE4JPDFsJuwQ4o/sendMessage "HTTP/1.1 200 OK"
2026-06-02 16:02:47 | INFO | httpx | HTTP Request: POST https://api.telegram.org/bot8774810794:AAGueYUOY-WlbEuEEZYjfjE4JPDFsJuwQ4o/getUpdates "HTTP/1.1 200 OK"
2026-06-02 16:02:57 | INFO | httpx | HTTP Request: POST https://api.telegram.org/bot8774810794:AAGueYUOY-WlbEuEEZYjfjE4JPDFsJuwQ4o/getUpdates "HTTP/1.1 200 OK"
2026-06-02 16:03:07 | INFO | httpx | HTTP Request: POST https://api.telegram.org/bot8774810794:AAGueYUOY-WlbEuEEZYjfjE4JPDFsJuwQ4o/getUpdates "HTTP/1.1 200 OK"
2026-06-02 16:03:17 | INFO | httpx | HTTP Request: POST https://api.telegram.org/bot8774810794:AAGueYUOY-WlbEuEEZYjfjE4JPDFsJuwQ4o/getUpdates "HTTP/1.1 200 OK"
2026-06-02 16:03:27 | INFO | httpx | HTTP Request: POST https://api.telegram.org/bot8774810794:AAGueYUOY-WlbEuEEZYjfjE4JPDFsJuwQ4o/getUpdates "HTTP/1.1 200 OK"
2026-06-02 16:03:37 | INFO | httpx | HTTP Request: POST https://api.telegram.org/bot8774810794:AAGueYUOY-WlbEuEEZYjfjE4JPDFsJuwQ4o/getUpdates "HTTP/1.1 200 OK"
2026-06-02 16:03:47 | INFO | httpx | HTTP Request: POST https://api.telegram.org/bot8774810794:AAGueYUOY-WlbEuEEZYjfjE4JPDFsJuwQ4o/getUpdates "HTTP/1.1 200 OK"
2026-06-02 16:03:57 | INFO | httpx | HTTP Request: POST https://api.telegram.org/bot8774810794:AAGueYUOY-WlbEuEEZYjfjE4JPDFsJuwQ4o/getUpdates "HTTP/1.1 200 OK"
2026-06-02 16:04:07 | INFO | httpx | HTTP Request: POST https://api.telegram.org/bot8774810794:AAGueYUOY-WlbEuEEZYjfjE4JPDFsJuwQ4o/getUpdates "HTTP/1.1 200 OK"
2026-06-02 16:04:17 | INFO | httpx | HTTP Request: POST https://api.telegram.org/bot8774810794:AAGueYUOY-WlbEuEEZYjfjE4JPDFsJuwQ4o/getUpdates "HTTP/1.1 200 OK"
2026-06-02 16:04:27 | INFO | httpx | HTTP Request: POST https://api.telegram.org/bot8774810794:AAGueYUOY-WlbEuEEZYjfjE4JPDFsJuwQ4o/getUpdates "HTTP/1.1 200 OK"
2026-06-02 16:04:37 | INFO | httpx | HTTP Request: POST https://api.telegram.org/bot8774810794:AAGueYUOY-WlbEuEEZYjfjE4JPDFsJuwQ4o/getUpdates "HTTP/1.1 200 OK"
2026-06-02 16:04:47 | INFO | httpx | HTTP Request: POST https://api.telegram.org/bot8774810794:AAGueYUOY-WlbEuEEZYjfjE4JPDFsJuwQ4o/getUpdates "HTTP/1.1 200 OK"
2026-06-02 16:04:57 | INFO | httpx | HTTP Request: POST https://api.telegram.org/bot8774810794:AAGueYUOY-WlbEuEEZYjfjE4JPDFsJuwQ4o/getUpdates "HTTP/1.1 200 OK"
2026-06-02 16:05:07 | INFO | httpx | HTTP Request: POST https://api.telegram.org/bot8774810794:AAGueYUOY-WlbEuEEZYjfjE4JPDFsJuwQ4o/getUpdates "HTTP/1.1 200 OK"
2026-06-02 16:05:17 | INFO | httpx | HTTP Request: POST https://api.telegram.org/bot8774810794:AAGueYUOY-WlbEuEEZYjfjE4JPDFsJuwQ4o/getUpdates "HTTP/1.1 200 OK"
2026-06-02 16:05:27 | INFO | httpx | HTTP Request: POST https://api.telegram.org/bot8774810794:AAGueYUOY-WlbEuEEZYjfjE4JPDFsJuwQ4o/getUpdates "HTTP/1.1 200 OK"
2026-06-02 16:05:37 | INFO | httpx | HTTP Request: POST https://api.telegram.org/bot8774810794:AAGueYUOY-WlbEuEEZYjfjE4JPDFsJuwQ4o/getUpdates "HTTP/1.1 200 OK"
2026-06-02 16:05:47 | INFO | httpx | HTTP Request: POST https://api.telegram.org/bot8774810794:AAGueYUOY-WlbEuEEZYjfjE4JPDFsJuwQ4o/getUpdates "HTTP/1.1 200 OK"
2026-06-02 16:05:57 | INFO | httpx | HTTP Request: POST https://api.telegram.org/bot8774810794:AAGueYUOY-WlbEuEEZYjfjE4JPDFsJuwQ4o/getUpdates "HTTP/1.1 200 OK"
2026-06-02 16:06:07 | INFO | httpx | HTTP Request: POST https://api.telegram.org/bot8774810794:AAGueYUOY-WlbEuEEZYjfjE4JPDFsJuwQ4o/getUpdates "HTTP/1.1 200 OK"
2026-06-02 16:06:15 | INFO | httpx | HTTP Request: POST https://api.telegram.org/bot8774810794:AAGueYUOY-WlbEuEEZYjfjE4JPDFsJuwQ4o/getUpdates "HTTP/1.1 200 OK"
2026-06-02 16:06:15 | INFO | telegram.ext.Application | Application is stopping. This might take a moment.
2026-06-02 16:06:15 | INFO | apscheduler.scheduler | Scheduler has been shut down
2026-06-02 16:06:15 | INFO | telegram.ext.Application | Application.stop() complete
2026-06-02 16:07:37 | INFO | httpx | HTTP Request: POST https://api.telegram.org/bot8774810794:AAGueYUOY-WlbEuEEZYjfjE4JPDFsJuwQ4o/getMe "HTTP/1.1 200 OK"
2026-06-02 16:07:37 | INFO | apscheduler.scheduler | Scheduler started
2026-06-02 16:07:37 | INFO | telegram.ext.Application | Application started
2026-06-02 16:07:37 | INFO | httpx | HTTP Request: POST https://api.telegram.org/bot8774810794:AAGueYUOY-WlbEuEEZYjfjE4JPDFsJuwQ4o/deleteWebhook "HTTP/1.1 200 OK"
2026-06-02 16:07:47 | INFO | httpx | HTTP Request: POST https://api.telegram.org/bot8774810794:AAGueYUOY-WlbEuEEZYjfjE4JPDFsJuwQ4o/getUpdates "HTTP/1.1 200 OK"
2026-06-02 16:08:06 | INFO | httpx | HTTP Request: POST https://api.telegram.org/bot8774810794:AAGueYUOY-WlbEuEEZYjfjE4JPDFsJuwQ4o/getMe "HTTP/1.1 200 OK"
2026-06-02 16:08:06 | INFO | apscheduler.scheduler | Scheduler started
2026-06-02 16:08:06 | INFO | telegram.ext.Application | Application started
2026-06-02 16:08:07 | INFO | httpx | HTTP Request: POST https://api.telegram.org/bot8774810794:AAGueYUOY-WlbEuEEZYjfjE4JPDFsJuwQ4o/deleteWebhook "HTTP/1.1 200 OK"
2026-06-02 16:08:17 | INFO | httpx | HTTP Request: POST https://api.telegram.org/bot8774810794:AAGueYUOY-WlbEuEEZYjfjE4JPDFsJuwQ4o/getUpdates "HTTP/1.1 200 OK"
2026-06-02 16:08:21 | INFO | httpx | HTTP Request: POST https://api.telegram.org/bot8774810794:AAGueYUOY-WlbEuEEZYjfjE4JPDFsJuwQ4o/getUpdates "HTTP/1.1 200 OK"
2026-06-02 16:08:21 | INFO | httpx | HTTP Request: POST https://api.telegram.org/bot8774810794:AAGueYUOY-WlbEuEEZYjfjE4JPDFsJuwQ4o/sendMessage "HTTP/1.1 200 OK"
2026-06-02 16:08:23 | INFO | httpx | HTTP Request: POST https://api.telegram.org/bot8774810794:AAGueYUOY-WlbEuEEZYjfjE4JPDFsJuwQ4o/getUpdates "HTTP/1.1 200 OK"
2026-06-02 16:08:23 | INFO | httpx | HTTP Request: POST https://api.telegram.org/bot8774810794:AAGueYUOY-WlbEuEEZYjfjE4JPDFsJuwQ4o/sendMessage "HTTP/1.1 200 OK"
2026-06-02 16:08:31 | INFO | httpx | HTTP Request: POST https://api.telegram.org/bot8774810794:AAGueYUOY-WlbEuEEZYjfjE4JPDFsJuwQ4o/getUpdates "HTTP/1.1 200 OK"
2026-06-02 16:08:32 | INFO | httpx | HTTP Request: POST https://api.telegram.org/bot8774810794:AAGueYUOY-WlbEuEEZYjfjE4JPDFsJuwQ4o/getFile "HTTP/1.1 200 OK"
2026-06-02 16:08:32 | INFO | httpx | HTTP Request: GET https://api.telegram.org/file/bot8774810794%3AAAGueYUOY-WlbEuEEZYjfjE4JPDFsJuwQ4o/music/file_1.mp3 "HTTP/1.1 200 OK"
2026-06-02 16:08:33 | INFO | bot.services.telegram_downloader | Upload saved: user_id=617434707 type=music path=input\music\music_617434707_20260602_140831_449696.mp3
2026-06-02 16:08:38 | ERROR | bot.services.n8n_client | n8n request failed: upload
Traceback (most recent call last):
  File "C:\Users\denve\AppData\Local\Programs\Python\Python313\Lib\site-packages\urllib3\connection.py", line 204, in _new_conn
    sock = connection.create_connection(
        (self._dns_host, self.port),
    ...<2 lines>...
        socket_options=self.socket_options,
    )
  File "C:\Users\denve\AppData\Local\Programs\Python\Python313\Lib\site-packages\urllib3\util\connection.py", line 85, in create_connection
    raise err
  File "C:\Users\denve\AppData\Local\Programs\Python\Python313\Lib\site-packages\urllib3\util\connection.py", line 73, in create_connection
    sock.connect(sa)
    ~~~~~~~~~~~~^^^^
ConnectionRefusedError: [WinError 10061] No connection could be made because the target machine actively refused it

The above exception was the direct cause of the following exception:

Traceback (most recent call last):
  File "C:\Users\denve\AppData\Local\Programs\Python\Python313\Lib\site-packages\urllib3\connectionpool.py", line 787, in urlopen
    response = self._make_request(
        conn,
    ...<10 lines>...
        **response_kw,
    )
  File "C:\Users\denve\AppData\Local\Programs\Python\Python313\Lib\site-packages\urllib3\connectionpool.py", line 493, in _make_request
    conn.request(
    ~~~~~~~~~~~~^
        method,
        ^^^^^^^
    ...<6 lines>...
        enforce_content_length=enforce_content_length,
        ^^^^^^^^^^^^^^^^^^^^^^^^^^^^^^^^^^^^^^^^^^^^^^
    )
    ^
  File "C:\Users\denve\AppData\Local\Programs\Python\Python313\Lib\site-packages\urllib3\connection.py", line 500, in request
    self.endheaders()
    ~~~~~~~~~~~~~~~^^
  File "C:\Users\denve\AppData\Local\Programs\Python\Python313\Lib\http\client.py", line 1333, in endheaders
    self._send_output(message_body, encode_chunked=encode_chunked)
    ~~~~~~~~~~~~~~~~~^^^^^^^^^^^^^^^^^^^^^^^^^^^^^^^^^^^^^^^^^^^^^
  File "C:\Users\denve\AppData\Local\Programs\Python\Python313\Lib\http\client.py", line 1093, in _send_output
    self.send(msg)
    ~~~~~~~~~^^^^^
  File "C:\Users\denve\AppData\Local\Programs\Python\Python313\Lib\http\client.py", line 1037, in send
    self.connect()
    ~~~~~~~~~~~~^^
  File "C:\Users\denve\AppData\Local\Programs\Python\Python313\Lib\site-packages\urllib3\connection.py", line 331, in connect
    self.sock = self._new_conn()
                ~~~~~~~~~~~~~~^^
  File "C:\Users\denve\AppData\Local\Programs\Python\Python313\Lib\site-packages\urllib3\connection.py", line 219, in _new_conn
    raise NewConnectionError(
        self, f"Failed to establish a new connection: {e}"
    ) from e
urllib3.exceptions.NewConnectionError: HTTPConnection(host='localhost', port=5678): Failed to establish a new connection: [WinError 10061] No connection could be made because the target machine actively refused it

The above exception was the direct cause of the following exception:

Traceback (most recent call last):
  File "C:\Users\denve\AppData\Local\Programs\Python\Python313\Lib\site-packages\requests\adapters.py", line 644, in send
    resp = conn.urlopen(
        method=request.method,
    ...<9 lines>...
        chunked=chunked,
    )
  File "C:\Users\denve\AppData\Local\Programs\Python\Python313\Lib\site-packages\urllib3\connectionpool.py", line 841, in urlopen
    retries = retries.increment(
        method, url, error=new_e, _pool=self, _stacktrace=sys.exc_info()[2]
    )
  File "C:\Users\denve\AppData\Local\Programs\Python\Python313\Lib\site-packages\urllib3\util\retry.py", line 535, in increment
    raise MaxRetryError(_pool, url, reason) from reason  # type: ignore[arg-type]
    ^^^^^^^^^^^^^^^^^^^^^^^^^^^^^^^^^^^^^^^^^^^^^^^^^^^
urllib3.exceptions.MaxRetryError: HTTPConnectionPool(host='localhost', port=5678): Max retries exceeded with url: /webhook-test/upload/upload (Caused by NewConnectionError("HTTPConnection(host='localhost', port=5678): Failed to establish a new connection: [WinError 10061] No connection could be made because the target machine actively refused it"))

During handling of the above exception, another exception occurred:

Traceback (most recent call last):
  File "C:\Users\denve\OneDrive\Desktop\Bot_n8n\bot\services\n8n_client.py", line 20, in _post
    response = requests.post(url, json=payload, timeout=25)
  File "C:\Users\denve\AppData\Local\Programs\Python\Python313\Lib\site-packages\requests\api.py", line 115, in post
    return request("post", url, data=data, json=json, **kwargs)
  File "C:\Users\denve\AppData\Local\Programs\Python\Python313\Lib\site-packages\requests\api.py", line 59, in request
    return session.request(method=method, url=url, **kwargs)
           ~~~~~~~~~~~~~~~^^^^^^^^^^^^^^^^^^^^^^^^^^^^^^^^^^
  File "C:\Users\denve\AppData\Local\Programs\Python\Python313\Lib\site-packages\requests\sessions.py", line 589, in request
    resp = self.send(prep, **send_kwargs)
  File "C:\Users\denve\AppData\Local\Programs\Python\Python313\Lib\site-packages\requests\sessions.py", line 703, in send
    r = adapter.send(request, **kwargs)
  File "C:\Users\denve\AppData\Local\Programs\Python\Python313\Lib\site-packages\requests\adapters.py", line 677, in send
    raise ConnectionError(e, request=request)
requests.exceptions.ConnectionError: HTTPConnectionPool(host='localhost', port=5678): Max retries exceeded with url: /webhook-test/upload/upload (Caused by NewConnectionError("HTTPConnection(host='localhost', port=5678): Failed to establish a new connection: [WinError 10061] No connection could be made because the target machine actively refused it"))
2026-06-02 16:08:38 | INFO | httpx | HTTP Request: POST https://api.telegram.org/bot8774810794:AAGueYUOY-WlbEuEEZYjfjE4JPDFsJuwQ4o/sendMessage "HTTP/1.1 200 OK"
2026-06-02 16:08:41 | INFO | httpx | HTTP Request: POST https://api.telegram.org/bot8774810794:AAGueYUOY-WlbEuEEZYjfjE4JPDFsJuwQ4o/getUpdates "HTTP/1.1 200 OK"
2026-06-02 16:08:44 | INFO | httpx | HTTP Request: POST https://api.telegram.org/bot8774810794:AAGueYUOY-WlbEuEEZYjfjE4JPDFsJuwQ4o/getUpdates "HTTP/1.1 200 OK"
2026-06-02 16:08:48 | ERROR | bot.services.n8n_client | n8n request failed: render
Traceback (most recent call last):
  File "C:\Users\denve\AppData\Local\Programs\Python\Python313\Lib\site-packages\urllib3\connection.py", line 204, in _new_conn
    sock = connection.create_connection(
        (self._dns_host, self.port),
    ...<2 lines>...
        socket_options=self.socket_options,
    )
  File "C:\Users\denve\AppData\Local\Programs\Python\Python313\Lib\site-packages\urllib3\util\connection.py", line 85, in create_connection
    raise err
  File "C:\Users\denve\AppData\Local\Programs\Python\Python313\Lib\site-packages\urllib3\util\connection.py", line 73, in create_connection
    sock.connect(sa)
    ~~~~~~~~~~~~^^^^
ConnectionRefusedError: [WinError 10061] No connection could be made because the target machine actively refused it

The above exception was the direct cause of the following exception:

Traceback (most recent call last):
  File "C:\Users\denve\AppData\Local\Programs\Python\Python313\Lib\site-packages\urllib3\connectionpool.py", line 787, in urlopen
    response = self._make_request(
        conn,
    ...<10 lines>...
        **response_kw,
    )
  File "C:\Users\denve\AppData\Local\Programs\Python\Python313\Lib\site-packages\urllib3\connectionpool.py", line 493, in _make_request
    conn.request(
    ~~~~~~~~~~~~^
        method,
        ^^^^^^^
    ...<6 lines>...
        enforce_content_length=enforce_content_length,
        ^^^^^^^^^^^^^^^^^^^^^^^^^^^^^^^^^^^^^^^^^^^^^^
    )
    ^
  File "C:\Users\denve\AppData\Local\Programs\Python\Python313\Lib\site-packages\urllib3\connection.py", line 500, in request
    self.endheaders()
    ~~~~~~~~~~~~~~~^^
  File "C:\Users\denve\AppData\Local\Programs\Python\Python313\Lib\http\client.py", line 1333, in endheaders
    self._send_output(message_body, encode_chunked=encode_chunked)
    ~~~~~~~~~~~~~~~~~^^^^^^^^^^^^^^^^^^^^^^^^^^^^^^^^^^^^^^^^^^^^^
  File "C:\Users\denve\AppData\Local\Programs\Python\Python313\Lib\http\client.py", line 1093, in _send_output
    self.send(msg)
    ~~~~~~~~~^^^^^
  File "C:\Users\denve\AppData\Local\Programs\Python\Python313\Lib\http\client.py", line 1037, in send
    self.connect()
    ~~~~~~~~~~~~^^
  File "C:\Users\denve\AppData\Local\Programs\Python\Python313\Lib\site-packages\urllib3\connection.py", line 331, in connect
    self.sock = self._new_conn()
                ~~~~~~~~~~~~~~^^
  File "C:\Users\denve\AppData\Local\Programs\Python\Python313\Lib\site-packages\urllib3\connection.py", line 219, in _new_conn
    raise NewConnectionError(
        self, f"Failed to establish a new connection: {e}"
    ) from e
urllib3.exceptions.NewConnectionError: HTTPConnection(host='localhost', port=5678): Failed to establish a new connection: [WinError 10061] No connection could be made because the target machine actively refused it

The above exception was the direct cause of the following exception:

Traceback (most recent call last):
  File "C:\Users\denve\AppData\Local\Programs\Python\Python313\Lib\site-packages\requests\adapters.py", line 644, in send
    resp = conn.urlopen(
        method=request.method,
    ...<9 lines>...
        chunked=chunked,
    )
  File "C:\Users\denve\AppData\Local\Programs\Python\Python313\Lib\site-packages\urllib3\connectionpool.py", line 841, in urlopen
    retries = retries.increment(
        method, url, error=new_e, _pool=self, _stacktrace=sys.exc_info()[2]
    )
  File "C:\Users\denve\AppData\Local\Programs\Python\Python313\Lib\site-packages\urllib3\util\retry.py", line 535, in increment
    raise MaxRetryError(_pool, url, reason) from reason  # type: ignore[arg-type]
    ^^^^^^^^^^^^^^^^^^^^^^^^^^^^^^^^^^^^^^^^^^^^^^^^^^^
urllib3.exceptions.MaxRetryError: HTTPConnectionPool(host='localhost', port=5678): Max retries exceeded with url: /webhook-test/upload/render (Caused by NewConnectionError("HTTPConnection(host='localhost', port=5678): Failed to establish a new connection: [WinError 10061] No connection could be made because the target machine actively refused it"))

During handling of the above exception, another exception occurred:

Traceback (most recent call last):
  File "C:\Users\denve\OneDrive\Desktop\Bot_n8n\bot\services\n8n_client.py", line 20, in _post
    response = requests.post(url, json=payload, timeout=25)
  File "C:\Users\denve\AppData\Local\Programs\Python\Python313\Lib\site-packages\requests\api.py", line 115, in post
    return request("post", url, data=data, json=json, **kwargs)
  File "C:\Users\denve\AppData\Local\Programs\Python\Python313\Lib\site-packages\requests\api.py", line 59, in request
    return session.request(method=method, url=url, **kwargs)
           ~~~~~~~~~~~~~~~^^^^^^^^^^^^^^^^^^^^^^^^^^^^^^^^^^
  File "C:\Users\denve\AppData\Local\Programs\Python\Python313\Lib\site-packages\requests\sessions.py", line 589, in request
    resp = self.send(prep, **send_kwargs)
  File "C:\Users\denve\AppData\Local\Programs\Python\Python313\Lib\site-packages\requests\sessions.py", line 703, in send
    r = adapter.send(request, **kwargs)
  File "C:\Users\denve\AppData\Local\Programs\Python\Python313\Lib\site-packages\requests\adapters.py", line 677, in send
    raise ConnectionError(e, request=request)
requests.exceptions.ConnectionError: HTTPConnectionPool(host='localhost', port=5678): Max retries exceeded with url: /webhook-test/upload/render (Caused by NewConnectionError("HTTPConnection(host='localhost', port=5678): Failed to establish a new connection: [WinError 10061] No connection could be made because the target machine actively refused it"))
2026-06-02 16:08:48 | INFO | httpx | HTTP Request: POST https://api.telegram.org/bot8774810794:AAGueYUOY-WlbEuEEZYjfjE4JPDFsJuwQ4o/sendMessage "HTTP/1.1 200 OK"
2026-06-02 16:08:58 | INFO | httpx | HTTP Request: POST https://api.telegram.org/bot8774810794:AAGueYUOY-WlbEuEEZYjfjE4JPDFsJuwQ4o/getUpdates "HTTP/1.1 200 OK"
2026-06-02 16:09:08 | INFO | httpx | HTTP Request: POST https://api.telegram.org/bot8774810794:AAGueYUOY-WlbEuEEZYjfjE4JPDFsJuwQ4o/getUpdates "HTTP/1.1 200 OK"
2026-06-02 16:09:18 | INFO | httpx | HTTP Request: POST https://api.telegram.org/bot8774810794:AAGueYUOY-WlbEuEEZYjfjE4JPDFsJuwQ4o/getUpdates "HTTP/1.1 200 OK"
2026-06-02 16:09:28 | INFO | httpx | HTTP Request: POST https://api.telegram.org/bot8774810794:AAGueYUOY-WlbEuEEZYjfjE4JPDFsJuwQ4o/getUpdates "HTTP/1.1 200 OK"
2026-06-02 16:09:32 | INFO | httpx | HTTP Request: POST https://api.telegram.org/bot8774810794:AAGueYUOY-WlbEuEEZYjfjE4JPDFsJuwQ4o/getUpdates "HTTP/1.1 200 OK"
2026-06-02 16:09:32 | INFO | telegram.ext.Application | Application is stopping. This might take a moment.
2026-06-02 16:09:32 | INFO | apscheduler.scheduler | Scheduler has been shut down
2026-06-02 16:09:32 | INFO | telegram.ext.Application | Application.stop() complete
2026-06-02 16:09:49 | INFO | httpx | HTTP Request: POST https://api.telegram.org/bot8774810794:AAGueYUOY-WlbEuEEZYjfjE4JPDFsJuwQ4o/getMe "HTTP/1.1 200 OK"
2026-06-02 16:09:49 | INFO | apscheduler.scheduler | Scheduler started
2026-06-02 16:09:49 | INFO | telegram.ext.Application | Application started
2026-06-02 16:09:49 | INFO | httpx | HTTP Request: POST https://api.telegram.org/bot8774810794:AAGueYUOY-WlbEuEEZYjfjE4JPDFsJuwQ4o/deleteWebhook "HTTP/1.1 200 OK"
2026-06-02 16:09:55 | INFO | httpx | HTTP Request: POST https://api.telegram.org/bot8774810794:AAGueYUOY-WlbEuEEZYjfjE4JPDFsJuwQ4o/getUpdates "HTTP/1.1 200 OK"
2026-06-02 16:09:55 | INFO | httpx | HTTP Request: POST https://api.telegram.org/bot8774810794:AAGueYUOY-WlbEuEEZYjfjE4JPDFsJuwQ4o/sendMessage "HTTP/1.1 200 OK"
2026-06-02 16:09:58 | INFO | httpx | HTTP Request: POST https://api.telegram.org/bot8774810794:AAGueYUOY-WlbEuEEZYjfjE4JPDFsJuwQ4o/getUpdates "HTTP/1.1 200 OK"
2026-06-02 16:09:58 | INFO | httpx | HTTP Request: POST https://api.telegram.org/bot8774810794:AAGueYUOY-WlbEuEEZYjfjE4JPDFsJuwQ4o/getFile "HTTP/1.1 200 OK"
2026-06-02 16:09:58 | INFO | httpx | HTTP Request: GET https://api.telegram.org/file/bot8774810794%3AAAGueYUOY-WlbEuEEZYjfjE4JPDFsJuwQ4o/music/file_1.mp3 "HTTP/1.1 200 OK"
2026-06-02 16:10:00 | INFO | bot.services.telegram_downloader | Upload saved: user_id=617434707 type=music path=input\music\music_617434707_20260602_140958_798064.mp3
2026-06-02 16:10:00 | ERROR | bot.services.n8n_client | n8n request failed: upload
Traceback (most recent call last):
  File "C:\Users\denve\OneDrive\Desktop\Bot_n8n\bot\services\n8n_client.py", line 21, in _post
    response.raise_for_status()
    ~~~~~~~~~~~~~~~~~~~~~~~~~^^
  File "C:\Users\denve\AppData\Local\Programs\Python\Python313\Lib\site-packages\requests\models.py", line 1026, in raise_for_status
    raise HTTPError(http_error_msg, response=self)
requests.exceptions.HTTPError: 404 Client Error: Not Found for url: http://192.168.2.48:5678/webhook-test/upload/upload
2026-06-02 16:10:00 | INFO | httpx | HTTP Request: POST https://api.telegram.org/bot8774810794:AAGueYUOY-WlbEuEEZYjfjE4JPDFsJuwQ4o/sendMessage "HTTP/1.1 200 OK"
2026-06-02 16:10:08 | INFO | httpx | HTTP Request: POST https://api.telegram.org/bot8774810794:AAGueYUOY-WlbEuEEZYjfjE4JPDFsJuwQ4o/getUpdates "HTTP/1.1 200 OK"
2026-06-02 16:10:18 | INFO | httpx | HTTP Request: POST https://api.telegram.org/bot8774810794:AAGueYUOY-WlbEuEEZYjfjE4JPDFsJuwQ4o/getUpdates "HTTP/1.1 200 OK"
2026-06-02 16:10:24 | INFO | httpx | HTTP Request: POST https://api.telegram.org/bot8774810794:AAGueYUOY-WlbEuEEZYjfjE4JPDFsJuwQ4o/getUpdates "HTTP/1.1 200 OK"
2026-06-02 16:10:24 | INFO | httpx | HTTP Request: POST https://api.telegram.org/bot8774810794:AAGueYUOY-WlbEuEEZYjfjE4JPDFsJuwQ4o/sendMessage "HTTP/1.1 200 OK"
2026-06-02 16:10:29 | INFO | httpx | HTTP Request: POST https://api.telegram.org/bot8774810794:AAGueYUOY-WlbEuEEZYjfjE4JPDFsJuwQ4o/getUpdates "HTTP/1.1 200 OK"
2026-06-02 16:10:29 | INFO | httpx | HTTP Request: POST https://api.telegram.org/bot8774810794:AAGueYUOY-WlbEuEEZYjfjE4JPDFsJuwQ4o/getFile "HTTP/1.1 200 OK"
2026-06-02 16:10:30 | INFO | httpx | HTTP Request: GET https://api.telegram.org/file/bot8774810794%3AAAGueYUOY-WlbEuEEZYjfjE4JPDFsJuwQ4o/music/file_1.mp3 "HTTP/1.1 200 OK"
2026-06-02 16:10:30 | INFO | bot.services.telegram_downloader | Upload saved: user_id=617434707 type=music path=input\music\music_617434707_20260602_141029_627564.mp3
2026-06-02 16:10:30 | ERROR | bot.services.n8n_client | n8n request failed: upload
Traceback (most recent call last):
  File "C:\Users\denve\OneDrive\Desktop\Bot_n8n\bot\services\n8n_client.py", line 21, in _post
    response.raise_for_status()
    ~~~~~~~~~~~~~~~~~~~~~~~~~^^
  File "C:\Users\denve\AppData\Local\Programs\Python\Python313\Lib\site-packages\requests\models.py", line 1026, in raise_for_status
    raise HTTPError(http_error_msg, response=self)
requests.exceptions.HTTPError: 404 Client Error: Not Found for url: http://192.168.2.48:5678/webhook-test/upload/upload
2026-06-02 16:10:30 | INFO | httpx | HTTP Request: POST https://api.telegram.org/bot8774810794:AAGueYUOY-WlbEuEEZYjfjE4JPDFsJuwQ4o/sendMessage "HTTP/1.1 200 OK"
2026-06-02 16:10:33 | INFO | httpx | HTTP Request: POST https://api.telegram.org/bot8774810794:AAGueYUOY-WlbEuEEZYjfjE4JPDFsJuwQ4o/getUpdates "HTTP/1.1 200 OK"
2026-06-02 16:10:33 | ERROR | bot.services.n8n_client | n8n request failed: render
Traceback (most recent call last):
  File "C:\Users\denve\OneDrive\Desktop\Bot_n8n\bot\services\n8n_client.py", line 21, in _post
    response.raise_for_status()
    ~~~~~~~~~~~~~~~~~~~~~~~~~^^
  File "C:\Users\denve\AppData\Local\Programs\Python\Python313\Lib\site-packages\requests\models.py", line 1026, in raise_for_status
    raise HTTPError(http_error_msg, response=self)
requests.exceptions.HTTPError: 404 Client Error: Not Found for url: http://192.168.2.48:5678/webhook-test/upload/render
2026-06-02 16:10:33 | INFO | httpx | HTTP Request: POST https://api.telegram.org/bot8774810794:AAGueYUOY-WlbEuEEZYjfjE4JPDFsJuwQ4o/sendMessage "HTTP/1.1 200 OK"
2026-06-02 16:10:43 | INFO | httpx | HTTP Request: POST https://api.telegram.org/bot8774810794:AAGueYUOY-WlbEuEEZYjfjE4JPDFsJuwQ4o/getUpdates "HTTP/1.1 200 OK"
2026-06-02 16:10:53 | INFO | httpx | HTTP Request: POST https://api.telegram.org/bot8774810794:AAGueYUOY-WlbEuEEZYjfjE4JPDFsJuwQ4o/getUpdates "HTTP/1.1 200 OK"
2026-06-02 16:11:03 | INFO | httpx | HTTP Request: POST https://api.telegram.org/bot8774810794:AAGueYUOY-WlbEuEEZYjfjE4JPDFsJuwQ4o/getUpdates "HTTP/1.1 200 OK"
2026-06-02 16:11:13 | INFO | httpx | HTTP Request: POST https://api.telegram.org/bot8774810794:AAGueYUOY-WlbEuEEZYjfjE4JPDFsJuwQ4o/getUpdates "HTTP/1.1 200 OK"
2026-06-02 16:11:23 | INFO | httpx | HTTP Request: POST https://api.telegram.org/bot8774810794:AAGueYUOY-WlbEuEEZYjfjE4JPDFsJuwQ4o/getUpdates "HTTP/1.1 200 OK"
2026-06-02 16:11:33 | INFO | httpx | HTTP Request: POST https://api.telegram.org/bot8774810794:AAGueYUOY-WlbEuEEZYjfjE4JPDFsJuwQ4o/getUpdates "HTTP/1.1 200 OK"
2026-06-02 16:11:43 | INFO | httpx | HTTP Request: POST https://api.telegram.org/bot8774810794:AAGueYUOY-WlbEuEEZYjfjE4JPDFsJuwQ4o/getUpdates "HTTP/1.1 200 OK"
2026-06-02 16:11:53 | INFO | httpx | HTTP Request: POST https://api.telegram.org/bot8774810794:AAGueYUOY-WlbEuEEZYjfjE4JPDFsJuwQ4o/getUpdates "HTTP/1.1 200 OK"
2026-06-02 16:12:03 | INFO | httpx | HTTP Request: POST https://api.telegram.org/bot8774810794:AAGueYUOY-WlbEuEEZYjfjE4JPDFsJuwQ4o/getUpdates "HTTP/1.1 200 OK"
